I'm sorry, but errors were detected in your script. Please correct the
errors listed below, and try again.


File "game/day1morning1.rpy", line 15: Line is indented, but the preceding say statement statement does not expect a block. Please check this line's indentation.
    scene pink with dissolve
    ^

Ren'Py Version: Ren'Py 6.18.3.761
